------------------------------------------------------------
Timing Analyzer Summary
------------------------------------------------------------

Type  : Slow 1100mV 85C Model Setup 'clock'
Slack : -14.234
TNS   : -13487.466

Type  : Slow 1100mV 85C Model Setup 'control:control|in1Mux[0]'
Slack : -9.565
TNS   : -280.927

Type  : Slow 1100mV 85C Model Setup 'intMem:intMem|instruction[26]'
Slack : -7.641
TNS   : -55.918

Type  : Slow 1100mV 85C Model Hold 'clock'
Slack : 0.385
TNS   : 0.000

Type  : Slow 1100mV 85C Model Hold 'control:control|in1Mux[0]'
Slack : 0.809
TNS   : 0.000

Type  : Slow 1100mV 85C Model Hold 'intMem:intMem|instruction[26]'
Slack : 0.895
TNS   : 0.000

Type  : Slow 1100mV 85C Model Minimum Pulse Width 'clock'
Slack : -0.724
TNS   : -1192.478

Type  : Slow 1100mV 85C Model Minimum Pulse Width 'intMem:intMem|instruction[26]'
Slack : -0.089
TNS   : -0.164

Type  : Slow 1100mV 85C Model Minimum Pulse Width 'control:control|in1Mux[0]'
Slack : 0.157
TNS   : 0.000

Type  : Slow 1100mV 0C Model Setup 'clock'
Slack : -14.258
TNS   : -13403.413

Type  : Slow 1100mV 0C Model Setup 'control:control|in1Mux[0]'
Slack : -9.752
TNS   : -287.430

Type  : Slow 1100mV 0C Model Setup 'intMem:intMem|instruction[26]'
Slack : -7.786
TNS   : -57.983

Type  : Slow 1100mV 0C Model Hold 'clock'
Slack : 0.040
TNS   : 0.000

Type  : Slow 1100mV 0C Model Hold 'intMem:intMem|instruction[26]'
Slack : 0.750
TNS   : 0.000

Type  : Slow 1100mV 0C Model Hold 'control:control|in1Mux[0]'
Slack : 0.755
TNS   : 0.000

Type  : Slow 1100mV 0C Model Minimum Pulse Width 'clock'
Slack : -0.724
TNS   : -1191.307

Type  : Slow 1100mV 0C Model Minimum Pulse Width 'intMem:intMem|instruction[26]'
Slack : -0.136
TNS   : -0.437

Type  : Slow 1100mV 0C Model Minimum Pulse Width 'control:control|in1Mux[0]'
Slack : 0.156
TNS   : 0.000

Type  : Fast 1100mV 85C Model Setup 'clock'
Slack : -6.166
TNS   : -5752.438

Type  : Fast 1100mV 85C Model Setup 'control:control|in1Mux[0]'
Slack : -3.808
TNS   : -106.176

Type  : Fast 1100mV 85C Model Setup 'intMem:intMem|instruction[26]'
Slack : -3.083
TNS   : -20.269

Type  : Fast 1100mV 85C Model Hold 'clock'
Slack : 0.199
TNS   : 0.000

Type  : Fast 1100mV 85C Model Hold 'control:control|in1Mux[0]'
Slack : 0.237
TNS   : 0.000

Type  : Fast 1100mV 85C Model Hold 'intMem:intMem|instruction[26]'
Slack : 0.245
TNS   : 0.000

Type  : Fast 1100mV 85C Model Minimum Pulse Width 'clock'
Slack : -0.092
TNS   : -92.987

Type  : Fast 1100mV 85C Model Minimum Pulse Width 'intMem:intMem|instruction[26]'
Slack : 0.026
TNS   : 0.000

Type  : Fast 1100mV 85C Model Minimum Pulse Width 'control:control|in1Mux[0]'
Slack : 0.304
TNS   : 0.000

Type  : Fast 1100mV 0C Model Setup 'clock'
Slack : -5.440
TNS   : -5055.600

Type  : Fast 1100mV 0C Model Setup 'control:control|in1Mux[0]'
Slack : -3.435
TNS   : -96.369

Type  : Fast 1100mV 0C Model Setup 'intMem:intMem|instruction[26]'
Slack : -2.850
TNS   : -19.188

Type  : Fast 1100mV 0C Model Hold 'clock'
Slack : 0.168
TNS   : 0.000

Type  : Fast 1100mV 0C Model Hold 'control:control|in1Mux[0]'
Slack : 0.225
TNS   : 0.000

Type  : Fast 1100mV 0C Model Hold 'intMem:intMem|instruction[26]'
Slack : 0.237
TNS   : 0.000

Type  : Fast 1100mV 0C Model Minimum Pulse Width 'clock'
Slack : -0.092
TNS   : -93.019

Type  : Fast 1100mV 0C Model Minimum Pulse Width 'intMem:intMem|instruction[26]'
Slack : 0.118
TNS   : 0.000

Type  : Fast 1100mV 0C Model Minimum Pulse Width 'control:control|in1Mux[0]'
Slack : 0.333
TNS   : 0.000

------------------------------------------------------------
